// Jest Snapshot v1, https://goo.gl/fbAQLP

exports[`countries <MenuItem /> renders <MenuItem /> 1`] = `
<View
  accessibilityState={
    Object {
      "disabled": false,
    }
  }
  accessible={true}
  collapsable={false}
  focusable={true}
  onClick={[Function]}
  onResponderGrant={[Function]}
  onResponderMove={[Function]}
  onResponderRelease={[Function]}
  onResponderTerminate={[Function]}
  onResponderTerminationRequest={[Function]}
  onStartShouldSetResponder={[Function]}
  style={
    Object {
      "flex": 1,
      "marginHorizontal": 8,
      "marginVertical": 8,
      "opacity": 1,
      "padding": 8,
      "shadowColor": "#000000",
      "shadowOffset": Object {
        "height": 2,
        "width": 0,
      },
      "shadowOpacity": 0.25,
      "shadowRadius": 3.84,
    }
  }
>
  <View
    accessibilityLabel="Content container"
    style={
      Array [
        Object {
          "borderRadius": 8,
          "overflow": "hidden",
        },
        Object {
          "backgroundColor": "#0036A7",
          "flex": 1,
          "flexDirection": "row",
        },
      ]
    }
  >
    <View
      style={
        Object {
          "alignItems": "center",
          "justifyContent": "center",
          "paddingHorizontal": 8,
          "width": "30%",
        }
      }
    >
      <Image
        accessibilityLabel="[object Object]"
        source={
          Object {
            "testUri": "../../../assets/images/selectRegionMenu/africa.png",
          }
        }
        style={
          Array [
            false,
            false,
            Object {
              "height": 48,
              "width": 48,
            },
          ]
        }
      />
    </View>
    <View
      style={
        Object {
          "flex": 1,
          "justifyContent": "center",
          "paddingEnd": 16,
          "paddingStart": 8,
        }
      }
    >
      <Text
        numberOfLines={2}
        style={
          Array [
            Object {
              "color": "#000000",
              "fontFamily": "System",
              "fontWeight": "400",
            },
            Object {
              "textAlign": "left",
            },
            Array [
              Object {
                "color": "#4A4E4D",
              },
              Object {
                "fontFamily": "SF Pro Text Bold",
              },
              Object {
                "fontSize": 14,
              },
              Object {
                "color": "#FFFFFF",
              },
            ],
          ]
        }
      >
        Title
      </Text>
    </View>
  </View>
</View>
`;
