// Jest Snapshot v1, https://goo.gl/fbAQLP

exports[`ui <FastImage /> renders <FastImage /> 1`] = `
<View
  style={
    Array [
      Object {
        "overflow": "hidden",
      },
      undefined,
    ]
  }
>
  <FastImageView
    resizeMode="cover"
    source={
      Object {
        "testUri": "../../../assets/images/america.png",
      }
    }
    style={
      Object {
        "bottom": 0,
        "left": 0,
        "position": "absolute",
        "right": 0,
        "top": 0,
      }
    }
  />
</View>
`;
