// Jest Snapshot v1, https://goo.gl/fbAQLP

exports[`ui <Text /> renders <Text /> 1`] = `
<Text
  style={
    Array [
      Object {
        "color": "#000000",
        "fontFamily": "System",
        "fontWeight": "400",
      },
      Object {
        "textAlign": "left",
      },
      Array [
        Object {
          "color": "#4A4E4D",
        },
        Object {
          "fontFamily": "SFProDisplay-Regular",
        },
        Object {
          "fontSize": 14,
        },
        undefined,
      ],
    ]
  }
>
  Hello world!
</Text>
`;
