// Jest Snapshot v1, https://goo.gl/fbAQLP

exports[`errors <ErrorScreen /> should render correctly 1`] = `
<View
  style={
    Object {
      "backgroundColor": "#FFFFFF",
      "flex": 1,
      "padding": 16,
    }
  }
  testID="errorScreen"
>
  <View
    style={
      Object {
        "flex": 1,
        "justifyContent": "center",
      }
    }
  >
    <Text
      style={
        Array [
          Object {
            "color": "#4A4E4D",
          },
          Object {
            "fontFamily": "Quicksand-Bold",
          },
          Object {
            "fontSize": 18,
          },
          Object {
            "color": "#fe4a49",
            "marginBottom": 24,
            "textAlign": "center",
          },
        ]
      }
    >
      errorBoundaryTitle
    </Text>
    <Text
      style={
        Array [
          Object {
            "color": "#4A4E4D",
          },
          Object {
            "fontFamily": "Quicksand-Bold",
          },
          Object {
            "fontSize": 16,
          },
          undefined,
        ]
      }
    >
      errorBoundaryTitle
    </Text>
    <Text
      style={
        Array [
          Object {
            "color": "#4A4E4D",
          },
          Object {
            "fontFamily": "Quicksand-Regular",
          },
          Object {
            "fontSize": 16,
          },
          undefined,
        ]
      }
    >
      errorBoundarySubtitle
    </Text>
  </View>
  <View
    accessibilityRole="button"
    accessibilityState={Object {}}
    accessible={true}
    focusable={false}
    onClick={[Function]}
    onResponderGrant={[Function]}
    onResponderMove={[Function]}
    onResponderRelease={[Function]}
    onResponderTerminate={[Function]}
    onResponderTerminationRequest={[Function]}
    onStartShouldSetResponder={[Function]}
    style={
      Object {
        "opacity": 1,
      }
    }
  >
    <View
      style={
        Array [
          Object {},
        ]
      }
    >
      <Text
        style={
          Array [
            Object {
              "color": "#007AFF",
              "fontSize": 18,
              "margin": 8,
              "textAlign": "center",
            },
            Object {
              "color": "#0036A7",
            },
          ]
        }
      >
        dismiss
      </Text>
    </View>
  </View>
</View>
`;
